INFO    : Building target syllabus-web
ERROR   : XML Syntax Error caused build to fail:
ERROR   : /Users/boss/Library/CloudStorage/Dropbox/TEACHING/@Hamilton/new-pretext-project/source/syllabus.ptx:56:26:FATAL:PARSER:ERR_TAG_NAME_MISMATCH: Opening and ending tag mismatch: p line 55 and li
/Users/boss/Library/CloudStorage/Dropbox/TEACHING/@Hamilton/new-pretext-project/source/syllabus.ptx:57:24:FATAL:PARSER:ERR_TAG_NAME_MISMATCH: Opening and ending tag mismatch: li line 54 and ul
/Users/boss/Library/CloudStorage/Dropbox/TEACHING/@Hamilton/new-pretext-project/source/syllabus.ptx:58:22:FATAL:PARSER:ERR_TAG_NAME_MISMATCH: Opening and ending tag mismatch: ul line 44 and li
/Users/boss/Library/CloudStorage/Dropbox/TEACHING/@Hamilton/new-pretext-project/source/syllabus.ptx:59:20:FATAL:PARSER:ERR_TAG_NAME_MISMATCH: Opening and ending tag mismatch: li line 42 and dl
/Users/boss/Library/CloudStorage/Dropbox/TEACHING/@Hamilton/new-pretext-project/source/syllabus.ptx:60:18:FATAL:PARSER:ERR_TAG_NAME_MISMATCH: Opening and ending tag mismatch: dl line 18 and li
/Users/boss/Library/CloudStorage/Dropbox/TEACHING/@Hamilton/new-pretext-project/source/syllabus.ptx:67:14:FATAL:PARSER:ERR_TAG_NAME_MISMATCH: Opening and ending tag mismatch: p line 17 and dl
/Users/boss/Library/CloudStorage/Dropbox/TEACHING/@Hamilton/new-pretext-project/source/syllabus.ptx:68:11:FATAL:PARSER:ERR_TAG_NAME_MISMATCH: Opening and ending tag mismatch: section line 15 and p
/Users/boss/Library/CloudStorage/Dropbox/TEACHING/@Hamilton/new-pretext-project/source/syllabus.ptx:81:15:FATAL:PARSER:ERR_TAG_NAME_MISMATCH: Opening and ending tag mismatch: article line 7 and section
/Users/boss/Library/CloudStorage/Dropbox/TEACHING/@Hamilton/new-pretext-project/source/syllabus.ptx:290:7:FATAL:PARSER:ERR_NAME_REQUIRED: error parsing attribute name
/Users/boss/Library/CloudStorage/Dropbox/TEACHING/@Hamilton/new-pretext-project/source/syllabus.ptx:290:7:FATAL:PARSER:ERR_GT_REQUIRED: Couldn't find end of Start Tag paragraphs line 289
/Users/boss/Library/CloudStorage/Dropbox/TEACHING/@Hamilton/new-pretext-project/source/syllabus.ptx:301:18:FATAL:PARSER:ERR_TAG_NAME_MISMATCH: Opening and ending tag mismatch: section line 287 and paragraphs
/Users/boss/Library/CloudStorage/Dropbox/TEACHING/@Hamilton/new-pretext-project/source/syllabus.ptx:302:13:FATAL:PARSER:ERR_TAG_NAME_MISMATCH: Opening and ending tag mismatch: pretext line 3 and section
CRITICAL: XML syntax for source file is invalid
INFO    : ------------------------
CRITICAL: Failed to build.  Exiting...
INFO    : 
----------------------------------------------------
INFO    : While running pretext, the following errors occurred:

INFO    : (see log messages above or in the 'logs' folder for more information)
INFO    : ----------------------------------------------------
