INFO    : Building target notes-web
INFO    : XSL conversion of /Users/boss/Library/CloudStorage/Dropbox/TEACHING/@Hamilton/new-pretext-project/source/notes.ptx by /Users/boss/.ptx/2.20.0/core/xsl/utilities/pretext-enhanced-source.xsl
INFO    : successful application of /Users/boss/.ptx/2.20.0/core/xsl/utilities/pretext-enhanced-source.xsl
INFO    : Generating any needed assets.
INFO    : XSL conversion of /Users/boss/Library/CloudStorage/Dropbox/TEACHING/@Hamilton/new-pretext-project/source/notes.ptx by /Users/boss/.ptx/2.20.0/core/xsl/utilities/pretext-enhanced-source.xsl
INFO    : successful application of /Users/boss/.ptx/2.20.0/core/xsl/utilities/pretext-enhanced-source.xsl
INFO    : XSL conversion of /Users/boss/Library/CloudStorage/Dropbox/TEACHING/@Hamilton/new-pretext-project/source/notes.ptx by /Users/boss/.ptx/2.20.0/core/xsl/utilities/pretext-enhanced-source.xsl
INFO    : successful application of /Users/boss/.ptx/2.20.0/core/xsl/utilities/pretext-enhanced-source.xsl
INFO    : XSL conversion of /Users/boss/Library/CloudStorage/Dropbox/TEACHING/@Hamilton/new-pretext-project/source/notes.ptx by /Users/boss/.ptx/2.20.0/core/xsl/utilities/pretext-enhanced-source.xsl
INFO    : successful application of /Users/boss/.ptx/2.20.0/core/xsl/utilities/pretext-enhanced-source.xsl
INFO    : XSL conversion of /Users/boss/Library/CloudStorage/Dropbox/TEACHING/@Hamilton/new-pretext-project/source/notes.ptx by /Users/boss/.ptx/2.20.0/core/xsl/utilities/pretext-enhanced-source.xsl
INFO    : successful application of /Users/boss/.ptx/2.20.0/core/xsl/utilities/pretext-enhanced-source.xsl
INFO    : XSL conversion of /Users/boss/Library/CloudStorage/Dropbox/TEACHING/@Hamilton/new-pretext-project/source/notes.ptx by /Users/boss/.ptx/2.20.0/core/xsl/utilities/pretext-enhanced-source.xsl
INFO    : successful application of /Users/boss/.ptx/2.20.0/core/xsl/utilities/pretext-enhanced-source.xsl
INFO    : XSL conversion of /Users/boss/Library/CloudStorage/Dropbox/TEACHING/@Hamilton/new-pretext-project/source/notes.ptx by /Users/boss/.ptx/2.20.0/core/xsl/utilities/pretext-enhanced-source.xsl
INFO    : successful application of /Users/boss/.ptx/2.20.0/core/xsl/utilities/pretext-enhanced-source.xsl
INFO    : XSL conversion of /Users/boss/Library/CloudStorage/Dropbox/TEACHING/@Hamilton/new-pretext-project/source/notes.ptx by /Users/boss/.ptx/2.20.0/core/xsl/utilities/pretext-enhanced-source.xsl
INFO    : successful application of /Users/boss/.ptx/2.20.0/core/xsl/utilities/pretext-enhanced-source.xsl
INFO    : XSL conversion of /Users/boss/Library/CloudStorage/Dropbox/TEACHING/@Hamilton/new-pretext-project/source/notes.ptx by /Users/boss/.ptx/2.20.0/core/xsl/utilities/pretext-enhanced-source.xsl
INFO    : successful application of /Users/boss/.ptx/2.20.0/core/xsl/utilities/pretext-enhanced-source.xsl
INFO    : XSL conversion of /Users/boss/Library/CloudStorage/Dropbox/TEACHING/@Hamilton/new-pretext-project/source/notes.ptx by /Users/boss/.ptx/2.20.0/core/xsl/utilities/pretext-enhanced-source.xsl
INFO    : successful application of /Users/boss/.ptx/2.20.0/core/xsl/utilities/pretext-enhanced-source.xsl
INFO    : XSL conversion of /Users/boss/Library/CloudStorage/Dropbox/TEACHING/@Hamilton/new-pretext-project/source/notes.ptx by /Users/boss/.ptx/2.20.0/core/xsl/utilities/pretext-enhanced-source.xsl
INFO    : successful application of /Users/boss/.ptx/2.20.0/core/xsl/utilities/pretext-enhanced-source.xsl
INFO    : XSL conversion of /Users/boss/Library/CloudStorage/Dropbox/TEACHING/@Hamilton/new-pretext-project/source/notes.ptx by /Users/boss/.ptx/2.20.0/core/xsl/utilities/pretext-enhanced-source.xsl
INFO    : successful application of /Users/boss/.ptx/2.20.0/core/xsl/utilities/pretext-enhanced-source.xsl
INFO    : XSL conversion of /Users/boss/Library/CloudStorage/Dropbox/TEACHING/@Hamilton/new-pretext-project/source/notes.ptx by /Users/boss/.ptx/2.20.0/core/xsl/utilities/pretext-enhanced-source.xsl
INFO    : successful application of /Users/boss/.ptx/2.20.0/core/xsl/utilities/pretext-enhanced-source.xsl
INFO    : XSL conversion of /Users/boss/Library/CloudStorage/Dropbox/TEACHING/@Hamilton/new-pretext-project/source/notes.ptx by /Users/boss/.ptx/2.20.0/core/xsl/utilities/pretext-enhanced-source.xsl
INFO    : successful application of /Users/boss/.ptx/2.20.0/core/xsl/utilities/pretext-enhanced-source.xsl
INFO    : XSL conversion of /Users/boss/Library/CloudStorage/Dropbox/TEACHING/@Hamilton/new-pretext-project/source/notes.ptx by /Users/boss/.ptx/2.20.0/core/xsl/utilities/pretext-enhanced-source.xsl
INFO    : successful application of /Users/boss/.ptx/2.20.0/core/xsl/utilities/pretext-enhanced-source.xsl
INFO    : Finished generating assets.

INFO    : Preparing to build into /Users/boss/Library/CloudStorage/Dropbox/TEACHING/@Hamilton/new-pretext-project/output/notes-web.
INFO    : discovering source file's directory name: /Users/boss/Library/CloudStorage/Dropbox/TEACHING/@Hamilton/new-pretext-project/source
INFO    : verifying and expanding input directory: /Users/boss/Library/CloudStorage/Dropbox/TEACHING/@Hamilton/new-pretext-project/source/../generated-assets
INFO    : input directory expanded to absolute path: /Users/boss/Library/CloudStorage/Dropbox/TEACHING/@Hamilton/new-pretext-project/generated-assets
INFO    : verifying and expanding input directory: /Users/boss/Library/CloudStorage/Dropbox/TEACHING/@Hamilton/new-pretext-project/source/../assets
INFO    : input directory expanded to absolute path: /Users/boss/Library/CloudStorage/Dropbox/TEACHING/@Hamilton/new-pretext-project/assets
INFO    : XSL conversion of /Users/boss/Library/CloudStorage/Dropbox/TEACHING/@Hamilton/new-pretext-project/source/notes.ptx by /Users/boss/.ptx/2.20.0/core/xsl/utilities/report-publisher-variables.xsl
INFO    : successful application of /Users/boss/.ptx/2.20.0/core/xsl/utilities/report-publisher-variables.xsl
INFO    : Downloading rs services file from https://runestone.academy/cdn/runestone/latest/webpack_static_imports.xml.
INFO    : Runestone Services via online CDN query: version 7.11.10
INFO    : Downloading Runestone Services, version 7.11.10
INFO    : Extracting Runestone Services from archive file
INFO    : Building custom css theme: theme-greeley
INFO    : converting /Users/boss/Library/CloudStorage/Dropbox/TEACHING/@Hamilton/new-pretext-project/source/notes.ptx to HTML in /var/folders/sg/hhl3k2ms7r39gz6p84b71psm0000gn/T/ptx-_ch99chf
INFO    : XSL conversion of /Users/boss/Library/CloudStorage/Dropbox/TEACHING/@Hamilton/new-pretext-project/source/notes.ptx by /Users/boss/.ptx/2.20.0/core/xsl/pretext-html.xsl
INFO    : messages from the log for XSL processing:
INFO    : * PTX:INFO:   checking ONLY the last TWO YEARS of element deprecations.
Rerun with the string parameter "author.deprecations.all" set to "yes" to check your source against all deprecations.
WARNING : * PTX:WARNING: In a section containing subsections, any content that is not inside a subsection needs to be inside an <introduction> and/or  <conclusion>.
INFO    : *              located within: "notes-week-01" (xml:id), "Week 1" (title)
INFO    : successful application of /Users/boss/.ptx/2.20.0/core/xsl/pretext-html.xsl
INFO    : Removing temporary directory /var/folders/sg/hhl3k2ms7r39gz6p84b71psm0000gn/T/ptx-_ch99chf
INFO    : Removing temporary directory /var/folders/sg/hhl3k2ms7r39gz6p84b71psm0000gn/T/ptx-mje3zagi
INFO    : 
Success! Run `pretext view notes-web` to see the results.

INFO    : 
